// Jest Snapshot v1, https://goo.gl/fbAQLP

exports[`120-blocks.html --------------- it sends requests in chunks: 120-blocks.html 120-blocks.html --------------- it sends requests in chunks 1`] = `
"<pre class=\\"\\" style=\\"\\" data-torchlight-processed=\\"3449c9e5e332f1dbb81505cd739fbf3f\\"><code data-lang=\\"html\\">highlighted<textarea data-torchlight-original=\\"true\\" style=\\"display: none !important;\\">this is test &lt;code&gt;</textarea></code></pre>
<pre class=\\"\\" style=\\"\\" data-torchlight-processed=\\"3449c9e5e332f1dbb81505cd739fbf3f\\"><code data-lang=\\"html\\">highlighted<textarea data-torchlight-original=\\"true\\" style=\\"display: none !important;\\">this is test &lt;code&gt;</textarea></code></pre>
<pre class=\\"\\" style=\\"\\" data-torchlight-processed=\\"3449c9e5e332f1dbb81505cd739fbf3f\\"><code data-lang=\\"html\\">highlighted<textarea data-torchlight-original=\\"true\\" style=\\"display: none !important;\\">this is test &lt;code&gt;</textarea></code></pre>
<pre class=\\"\\" style=\\"\\" data-torchlight-processed=\\"3449c9e5e332f1dbb81505cd739fbf3f\\"><code data-lang=\\"html\\">highlighted<textarea data-torchlight-original=\\"true\\" style=\\"display: none !important;\\">this is test &lt;code&gt;</textarea></code></pre>
<pre class=\\"\\" style=\\"\\" data-torchlight-processed=\\"3449c9e5e332f1dbb81505cd739fbf3f\\"><code data-lang=\\"html\\">highlighted<textarea data-torchlight-original=\\"true\\" style=\\"display: none !important;\\">this is test &lt;code&gt;</textarea></code></pre>
<pre class=\\"\\" style=\\"\\" data-torchlight-processed=\\"3449c9e5e332f1dbb81505cd739fbf3f\\"><code data-lang=\\"html\\">highlighted<textarea data-torchlight-original=\\"true\\" style=\\"display: none !important;\\">this is test &lt;code&gt;</textarea></code></pre>
<pre class=\\"\\" style=\\"\\" data-torchlight-processed=\\"3449c9e5e332f1dbb81505cd739fbf3f\\"><code data-lang=\\"html\\">highlighted<textarea data-torchlight-original=\\"true\\" style=\\"display: none !important;\\">this is test &lt;code&gt;</textarea></code></pre>
<pre class=\\"\\" style=\\"\\" data-torchlight-processed=\\"3449c9e5e332f1dbb81505cd739fbf3f\\"><code data-lang=\\"html\\">highlighted<textarea data-torchlight-original=\\"true\\" style=\\"display: none !important;\\">this is test &lt;code&gt;</textarea></code></pre>
<pre class=\\"\\" style=\\"\\" data-torchlight-processed=\\"3449c9e5e332f1dbb81505cd739fbf3f\\"><code data-lang=\\"html\\">highlighted<textarea data-torchlight-original=\\"true\\" style=\\"display: none !important;\\">this is test &lt;code&gt;</textarea></code></pre>
<pre class=\\"\\" style=\\"\\" data-torchlight-processed=\\"3449c9e5e332f1dbb81505cd739fbf3f\\"><code data-lang=\\"html\\">highlighted<textarea data-torchlight-original=\\"true\\" style=\\"display: none !important;\\">this is test &lt;code&gt;</textarea></code></pre>
<pre class=\\"\\" style=\\"\\" data-torchlight-processed=\\"3449c9e5e332f1dbb81505cd739fbf3f\\"><code data-lang=\\"html\\">highlighted<textarea data-torchlight-original=\\"true\\" style=\\"display: none !important;\\">this is test &lt;code&gt;</textarea></code></pre>
<pre class=\\"\\" style=\\"\\" data-torchlight-processed=\\"3449c9e5e332f1dbb81505cd739fbf3f\\"><code data-lang=\\"html\\">highlighted<textarea data-torchlight-original=\\"true\\" style=\\"display: none !important;\\">this is test &lt;code&gt;</textarea></code></pre>
<pre class=\\"\\" style=\\"\\" data-torchlight-processed=\\"3449c9e5e332f1dbb81505cd739fbf3f\\"><code data-lang=\\"html\\">highlighted<textarea data-torchlight-original=\\"true\\" style=\\"display: none !important;\\">this is test &lt;code&gt;</textarea></code></pre>
<pre class=\\"\\" style=\\"\\" data-torchlight-processed=\\"3449c9e5e332f1dbb81505cd739fbf3f\\"><code data-lang=\\"html\\">highlighted<textarea data-torchlight-original=\\"true\\" style=\\"display: none !important;\\">this is test &lt;code&gt;</textarea></code></pre>
<pre class=\\"\\" style=\\"\\" data-torchlight-processed=\\"3449c9e5e332f1dbb81505cd739fbf3f\\"><code data-lang=\\"html\\">highlighted<textarea data-torchlight-original=\\"true\\" style=\\"display: none !important;\\">this is test &lt;code&gt;</textarea></code></pre>
<pre class=\\"\\" style=\\"\\" data-torchlight-processed=\\"3449c9e5e332f1dbb81505cd739fbf3f\\"><code data-lang=\\"html\\">highlighted<textarea data-torchlight-original=\\"true\\" style=\\"display: none !important;\\">this is test &lt;code&gt;</textarea></code></pre>
<pre class=\\"\\" style=\\"\\" data-torchlight-processed=\\"3449c9e5e332f1dbb81505cd739fbf3f\\"><code data-lang=\\"html\\">highlighted<textarea data-torchlight-original=\\"true\\" style=\\"display: none !important;\\">this is test &lt;code&gt;</textarea></code></pre>
<pre class=\\"\\" style=\\"\\" data-torchlight-processed=\\"3449c9e5e332f1dbb81505cd739fbf3f\\"><code data-lang=\\"html\\">highlighted<textarea data-torchlight-original=\\"true\\" style=\\"display: none !important;\\">this is test &lt;code&gt;</textarea></code></pre>
<pre class=\\"\\" style=\\"\\" data-torchlight-processed=\\"3449c9e5e332f1dbb81505cd739fbf3f\\"><code data-lang=\\"html\\">highlighted<textarea data-torchlight-original=\\"true\\" style=\\"display: none !important;\\">this is test &lt;code&gt;</textarea></code></pre>
<pre class=\\"\\" style=\\"\\" data-torchlight-processed=\\"3449c9e5e332f1dbb81505cd739fbf3f\\"><code data-lang=\\"html\\">highlighted<textarea data-torchlight-original=\\"true\\" style=\\"display: none !important;\\">this is test &lt;code&gt;</textarea></code></pre>
<pre class=\\"\\" style=\\"\\" data-torchlight-processed=\\"3449c9e5e332f1dbb81505cd739fbf3f\\"><code data-lang=\\"html\\">highlighted<textarea data-torchlight-original=\\"true\\" style=\\"display: none !important;\\">this is test &lt;code&gt;</textarea></code></pre>
<pre class=\\"\\" style=\\"\\" data-torchlight-processed=\\"3449c9e5e332f1dbb81505cd739fbf3f\\"><code data-lang=\\"html\\">highlighted<textarea data-torchlight-original=\\"true\\" style=\\"display: none !important;\\">this is test &lt;code&gt;</textarea></code></pre>
<pre class=\\"\\" style=\\"\\" data-torchlight-processed=\\"3449c9e5e332f1dbb81505cd739fbf3f\\"><code data-lang=\\"html\\">highlighted<textarea data-torchlight-original=\\"true\\" style=\\"display: none !important;\\">this is test &lt;code&gt;</textarea></code></pre>
<pre class=\\"\\" style=\\"\\" data-torchlight-processed=\\"3449c9e5e332f1dbb81505cd739fbf3f\\"><code data-lang=\\"html\\">highlighted<textarea data-torchlight-original=\\"true\\" style=\\"display: none !important;\\">this is test &lt;code&gt;</textarea></code></pre>
<pre class=\\"\\" style=\\"\\" data-torchlight-processed=\\"3449c9e5e332f1dbb81505cd739fbf3f\\"><code data-lang=\\"html\\">highlighted<textarea data-torchlight-original=\\"true\\" style=\\"display: none !important;\\">this is test &lt;code&gt;</textarea></code></pre>
<pre class=\\"\\" style=\\"\\" data-torchlight-processed=\\"3449c9e5e332f1dbb81505cd739fbf3f\\"><code data-lang=\\"html\\">highlighted<textarea data-torchlight-original=\\"true\\" style=\\"display: none !important;\\">this is test &lt;code&gt;</textarea></code></pre>
<pre class=\\"\\" style=\\"\\" data-torchlight-processed=\\"3449c9e5e332f1dbb81505cd739fbf3f\\"><code data-lang=\\"html\\">highlighted<textarea data-torchlight-original=\\"true\\" style=\\"display: none !important;\\">this is test &lt;code&gt;</textarea></code></pre>
<pre class=\\"\\" style=\\"\\" data-torchlight-processed=\\"3449c9e5e332f1dbb81505cd739fbf3f\\"><code data-lang=\\"html\\">highlighted<textarea data-torchlight-original=\\"true\\" style=\\"display: none !important;\\">this is test &lt;code&gt;</textarea></code></pre>
<pre class=\\"\\" style=\\"\\" data-torchlight-processed=\\"3449c9e5e332f1dbb81505cd739fbf3f\\"><code data-lang=\\"html\\">highlighted<textarea data-torchlight-original=\\"true\\" style=\\"display: none !important;\\">this is test &lt;code&gt;</textarea></code></pre>
<pre class=\\"\\" style=\\"\\" data-torchlight-processed=\\"3449c9e5e332f1dbb81505cd739fbf3f\\"><code data-lang=\\"html\\">highlighted<textarea data-torchlight-original=\\"true\\" style=\\"display: none !important;\\">this is test &lt;code&gt;</textarea></code></pre>
<pre class=\\"\\" style=\\"\\" data-torchlight-processed=\\"3449c9e5e332f1dbb81505cd739fbf3f\\"><code data-lang=\\"html\\">highlighted<textarea data-torchlight-original=\\"true\\" style=\\"display: none !important;\\">this is test &lt;code&gt;</textarea></code></pre>
<pre class=\\"\\" style=\\"\\" data-torchlight-processed=\\"3449c9e5e332f1dbb81505cd739fbf3f\\"><code data-lang=\\"html\\">highlighted<textarea data-torchlight-original=\\"true\\" style=\\"display: none !important;\\">this is test &lt;code&gt;</textarea></code></pre>
<pre class=\\"\\" style=\\"\\" data-torchlight-processed=\\"3449c9e5e332f1dbb81505cd739fbf3f\\"><code data-lang=\\"html\\">highlighted<textarea data-torchlight-original=\\"true\\" style=\\"display: none !important;\\">this is test &lt;code&gt;</textarea></code></pre>
<pre class=\\"\\" style=\\"\\" data-torchlight-processed=\\"3449c9e5e332f1dbb81505cd739fbf3f\\"><code data-lang=\\"html\\">highlighted<textarea data-torchlight-original=\\"true\\" style=\\"display: none !important;\\">this is test &lt;code&gt;</textarea></code></pre>
<pre class=\\"\\" style=\\"\\" data-torchlight-processed=\\"3449c9e5e332f1dbb81505cd739fbf3f\\"><code data-lang=\\"html\\">highlighted<textarea data-torchlight-original=\\"true\\" style=\\"display: none !important;\\">this is test &lt;code&gt;</textarea></code></pre>
<pre class=\\"\\" style=\\"\\" data-torchlight-processed=\\"3449c9e5e332f1dbb81505cd739fbf3f\\"><code data-lang=\\"html\\">highlighted<textarea data-torchlight-original=\\"true\\" style=\\"display: none !important;\\">this is test &lt;code&gt;</textarea></code></pre>
<pre class=\\"\\" style=\\"\\" data-torchlight-processed=\\"3449c9e5e332f1dbb81505cd739fbf3f\\"><code data-lang=\\"html\\">highlighted<textarea data-torchlight-original=\\"true\\" style=\\"display: none !important;\\">this is test &lt;code&gt;</textarea></code></pre>
<pre class=\\"\\" style=\\"\\" data-torchlight-processed=\\"3449c9e5e332f1dbb81505cd739fbf3f\\"><code data-lang=\\"html\\">highlighted<textarea data-torchlight-original=\\"true\\" style=\\"display: none !important;\\">this is test &lt;code&gt;</textarea></code></pre>
<pre class=\\"\\" style=\\"\\" data-torchlight-processed=\\"3449c9e5e332f1dbb81505cd739fbf3f\\"><code data-lang=\\"html\\">highlighted<textarea data-torchlight-original=\\"true\\" style=\\"display: none !important;\\">this is test &lt;code&gt;</textarea></code></pre>
<pre class=\\"\\" style=\\"\\" data-torchlight-processed=\\"3449c9e5e332f1dbb81505cd739fbf3f\\"><code data-lang=\\"html\\">highlighted<textarea data-torchlight-original=\\"true\\" style=\\"display: none !important;\\">this is test &lt;code&gt;</textarea></code></pre>
<pre class=\\"\\" style=\\"\\" data-torchlight-processed=\\"3449c9e5e332f1dbb81505cd739fbf3f\\"><code data-lang=\\"html\\">highlighted<textarea data-torchlight-original=\\"true\\" style=\\"display: none !important;\\">this is test &lt;code&gt;</textarea></code></pre>
<pre class=\\"\\" style=\\"\\" data-torchlight-processed=\\"3449c9e5e332f1dbb81505cd739fbf3f\\"><code data-lang=\\"html\\">highlighted<textarea data-torchlight-original=\\"true\\" style=\\"display: none !important;\\">this is test &lt;code&gt;</textarea></code></pre>
<pre class=\\"\\" style=\\"\\" data-torchlight-processed=\\"3449c9e5e332f1dbb81505cd739fbf3f\\"><code data-lang=\\"html\\">highlighted<textarea data-torchlight-original=\\"true\\" style=\\"display: none !important;\\">this is test &lt;code&gt;</textarea></code></pre>
<pre class=\\"\\" style=\\"\\" data-torchlight-processed=\\"3449c9e5e332f1dbb81505cd739fbf3f\\"><code data-lang=\\"html\\">highlighted<textarea data-torchlight-original=\\"true\\" style=\\"display: none !important;\\">this is test &lt;code&gt;</textarea></code></pre>
<pre class=\\"\\" style=\\"\\" data-torchlight-processed=\\"3449c9e5e332f1dbb81505cd739fbf3f\\"><code data-lang=\\"html\\">highlighted<textarea data-torchlight-original=\\"true\\" style=\\"display: none !important;\\">this is test &lt;code&gt;</textarea></code></pre>
<pre class=\\"\\" style=\\"\\" data-torchlight-processed=\\"3449c9e5e332f1dbb81505cd739fbf3f\\"><code data-lang=\\"html\\">highlighted<textarea data-torchlight-original=\\"true\\" style=\\"display: none !important;\\">this is test &lt;code&gt;</textarea></code></pre>
<pre class=\\"\\" style=\\"\\" data-torchlight-processed=\\"3449c9e5e332f1dbb81505cd739fbf3f\\"><code data-lang=\\"html\\">highlighted<textarea data-torchlight-original=\\"true\\" style=\\"display: none !important;\\">this is test &lt;code&gt;</textarea></code></pre>
<pre class=\\"\\" style=\\"\\" data-torchlight-processed=\\"3449c9e5e332f1dbb81505cd739fbf3f\\"><code data-lang=\\"html\\">highlighted<textarea data-torchlight-original=\\"true\\" style=\\"display: none !important;\\">this is test &lt;code&gt;</textarea></code></pre>
<pre class=\\"\\" style=\\"\\" data-torchlight-processed=\\"3449c9e5e332f1dbb81505cd739fbf3f\\"><code data-lang=\\"html\\">highlighted<textarea data-torchlight-original=\\"true\\" style=\\"display: none !important;\\">this is test &lt;code&gt;</textarea></code></pre>
<pre class=\\"\\" style=\\"\\" data-torchlight-processed=\\"3449c9e5e332f1dbb81505cd739fbf3f\\"><code data-lang=\\"html\\">highlighted<textarea data-torchlight-original=\\"true\\" style=\\"display: none !important;\\">this is test &lt;code&gt;</textarea></code></pre>
<pre class=\\"\\" style=\\"\\" data-torchlight-processed=\\"3449c9e5e332f1dbb81505cd739fbf3f\\"><code data-lang=\\"html\\">highlighted<textarea data-torchlight-original=\\"true\\" style=\\"display: none !important;\\">this is test &lt;code&gt;</textarea></code></pre>
<pre class=\\"\\" style=\\"\\" data-torchlight-processed=\\"3449c9e5e332f1dbb81505cd739fbf3f\\"><code data-lang=\\"html\\">highlighted<textarea data-torchlight-original=\\"true\\" style=\\"display: none !important;\\">this is test &lt;code&gt;</textarea></code></pre>
<pre class=\\"\\" style=\\"\\" data-torchlight-processed=\\"3449c9e5e332f1dbb81505cd739fbf3f\\"><code data-lang=\\"html\\">highlighted<textarea data-torchlight-original=\\"true\\" style=\\"display: none !important;\\">this is test &lt;code&gt;</textarea></code></pre>
<pre class=\\"\\" style=\\"\\" data-torchlight-processed=\\"3449c9e5e332f1dbb81505cd739fbf3f\\"><code data-lang=\\"html\\">highlighted<textarea data-torchlight-original=\\"true\\" style=\\"display: none !important;\\">this is test &lt;code&gt;</textarea></code></pre>
<pre class=\\"\\" style=\\"\\" data-torchlight-processed=\\"3449c9e5e332f1dbb81505cd739fbf3f\\"><code data-lang=\\"html\\">highlighted<textarea data-torchlight-original=\\"true\\" style=\\"display: none !important;\\">this is test &lt;code&gt;</textarea></code></pre>
<pre class=\\"\\" style=\\"\\" data-torchlight-processed=\\"3449c9e5e332f1dbb81505cd739fbf3f\\"><code data-lang=\\"html\\">highlighted<textarea data-torchlight-original=\\"true\\" style=\\"display: none !important;\\">this is test &lt;code&gt;</textarea></code></pre>
<pre class=\\"\\" style=\\"\\" data-torchlight-processed=\\"3449c9e5e332f1dbb81505cd739fbf3f\\"><code data-lang=\\"html\\">highlighted<textarea data-torchlight-original=\\"true\\" style=\\"display: none !important;\\">this is test &lt;code&gt;</textarea></code></pre>
<pre class=\\"\\" style=\\"\\" data-torchlight-processed=\\"3449c9e5e332f1dbb81505cd739fbf3f\\"><code data-lang=\\"html\\">highlighted<textarea data-torchlight-original=\\"true\\" style=\\"display: none !important;\\">this is test &lt;code&gt;</textarea></code></pre>
<pre class=\\"\\" style=\\"\\" data-torchlight-processed=\\"3449c9e5e332f1dbb81505cd739fbf3f\\"><code data-lang=\\"html\\">highlighted<textarea data-torchlight-original=\\"true\\" style=\\"display: none !important;\\">this is test &lt;code&gt;</textarea></code></pre>
<pre class=\\"\\" style=\\"\\" data-torchlight-processed=\\"3449c9e5e332f1dbb81505cd739fbf3f\\"><code data-lang=\\"html\\">highlighted<textarea data-torchlight-original=\\"true\\" style=\\"display: none !important;\\">this is test &lt;code&gt;</textarea></code></pre>
<pre class=\\"\\" style=\\"\\" data-torchlight-processed=\\"3449c9e5e332f1dbb81505cd739fbf3f\\"><code data-lang=\\"html\\">highlighted<textarea data-torchlight-original=\\"true\\" style=\\"display: none !important;\\">this is test &lt;code&gt;</textarea></code></pre>
<pre class=\\"\\" style=\\"\\" data-torchlight-processed=\\"3449c9e5e332f1dbb81505cd739fbf3f\\"><code data-lang=\\"html\\">highlighted<textarea data-torchlight-original=\\"true\\" style=\\"display: none !important;\\">this is test &lt;code&gt;</textarea></code></pre>
<pre class=\\"\\" style=\\"\\" data-torchlight-processed=\\"3449c9e5e332f1dbb81505cd739fbf3f\\"><code data-lang=\\"html\\">highlighted<textarea data-torchlight-original=\\"true\\" style=\\"display: none !important;\\">this is test &lt;code&gt;</textarea></code></pre>
<pre class=\\"\\" style=\\"\\" data-torchlight-processed=\\"3449c9e5e332f1dbb81505cd739fbf3f\\"><code data-lang=\\"html\\">highlighted<textarea data-torchlight-original=\\"true\\" style=\\"display: none !important;\\">this is test &lt;code&gt;</textarea></code></pre>
<pre class=\\"\\" style=\\"\\" data-torchlight-processed=\\"3449c9e5e332f1dbb81505cd739fbf3f\\"><code data-lang=\\"html\\">highlighted<textarea data-torchlight-original=\\"true\\" style=\\"display: none !important;\\">this is test &lt;code&gt;</textarea></code></pre>
<pre class=\\"\\" style=\\"\\" data-torchlight-processed=\\"3449c9e5e332f1dbb81505cd739fbf3f\\"><code data-lang=\\"html\\">highlighted<textarea data-torchlight-original=\\"true\\" style=\\"display: none !important;\\">this is test &lt;code&gt;</textarea></code></pre>
<pre class=\\"\\" style=\\"\\" data-torchlight-processed=\\"3449c9e5e332f1dbb81505cd739fbf3f\\"><code data-lang=\\"html\\">highlighted<textarea data-torchlight-original=\\"true\\" style=\\"display: none !important;\\">this is test &lt;code&gt;</textarea></code></pre>
<pre class=\\"\\" style=\\"\\" data-torchlight-processed=\\"3449c9e5e332f1dbb81505cd739fbf3f\\"><code data-lang=\\"html\\">highlighted<textarea data-torchlight-original=\\"true\\" style=\\"display: none !important;\\">this is test &lt;code&gt;</textarea></code></pre>
<pre class=\\"\\" style=\\"\\" data-torchlight-processed=\\"3449c9e5e332f1dbb81505cd739fbf3f\\"><code data-lang=\\"html\\">highlighted<textarea data-torchlight-original=\\"true\\" style=\\"display: none !important;\\">this is test &lt;code&gt;</textarea></code></pre>
<pre class=\\"\\" style=\\"\\" data-torchlight-processed=\\"3449c9e5e332f1dbb81505cd739fbf3f\\"><code data-lang=\\"html\\">highlighted<textarea data-torchlight-original=\\"true\\" style=\\"display: none !important;\\">this is test &lt;code&gt;</textarea></code></pre>
<pre class=\\"\\" style=\\"\\" data-torchlight-processed=\\"3449c9e5e332f1dbb81505cd739fbf3f\\"><code data-lang=\\"html\\">highlighted<textarea data-torchlight-original=\\"true\\" style=\\"display: none !important;\\">this is test &lt;code&gt;</textarea></code></pre>
<pre class=\\"\\" style=\\"\\" data-torchlight-processed=\\"3449c9e5e332f1dbb81505cd739fbf3f\\"><code data-lang=\\"html\\">highlighted<textarea data-torchlight-original=\\"true\\" style=\\"display: none !important;\\">this is test &lt;code&gt;</textarea></code></pre>
<pre class=\\"\\" style=\\"\\" data-torchlight-processed=\\"3449c9e5e332f1dbb81505cd739fbf3f\\"><code data-lang=\\"html\\">highlighted<textarea data-torchlight-original=\\"true\\" style=\\"display: none !important;\\">this is test &lt;code&gt;</textarea></code></pre>
<pre class=\\"\\" style=\\"\\" data-torchlight-processed=\\"3449c9e5e332f1dbb81505cd739fbf3f\\"><code data-lang=\\"html\\">highlighted<textarea data-torchlight-original=\\"true\\" style=\\"display: none !important;\\">this is test &lt;code&gt;</textarea></code></pre>
<pre class=\\"\\" style=\\"\\" data-torchlight-processed=\\"3449c9e5e332f1dbb81505cd739fbf3f\\"><code data-lang=\\"html\\">highlighted<textarea data-torchlight-original=\\"true\\" style=\\"display: none !important;\\">this is test &lt;code&gt;</textarea></code></pre>
<pre class=\\"\\" style=\\"\\" data-torchlight-processed=\\"3449c9e5e332f1dbb81505cd739fbf3f\\"><code data-lang=\\"html\\">highlighted<textarea data-torchlight-original=\\"true\\" style=\\"display: none !important;\\">this is test &lt;code&gt;</textarea></code></pre>
<pre class=\\"\\" style=\\"\\" data-torchlight-processed=\\"3449c9e5e332f1dbb81505cd739fbf3f\\"><code data-lang=\\"html\\">highlighted<textarea data-torchlight-original=\\"true\\" style=\\"display: none !important;\\">this is test &lt;code&gt;</textarea></code></pre>
<pre class=\\"\\" style=\\"\\" data-torchlight-processed=\\"3449c9e5e332f1dbb81505cd739fbf3f\\"><code data-lang=\\"html\\">highlighted<textarea data-torchlight-original=\\"true\\" style=\\"display: none !important;\\">this is test &lt;code&gt;</textarea></code></pre>
<pre class=\\"\\" style=\\"\\" data-torchlight-processed=\\"3449c9e5e332f1dbb81505cd739fbf3f\\"><code data-lang=\\"html\\">highlighted<textarea data-torchlight-original=\\"true\\" style=\\"display: none !important;\\">this is test &lt;code&gt;</textarea></code></pre>
<pre class=\\"\\" style=\\"\\" data-torchlight-processed=\\"3449c9e5e332f1dbb81505cd739fbf3f\\"><code data-lang=\\"html\\">highlighted<textarea data-torchlight-original=\\"true\\" style=\\"display: none !important;\\">this is test &lt;code&gt;</textarea></code></pre>
<pre class=\\"\\" style=\\"\\" data-torchlight-processed=\\"3449c9e5e332f1dbb81505cd739fbf3f\\"><code data-lang=\\"html\\">highlighted<textarea data-torchlight-original=\\"true\\" style=\\"display: none !important;\\">this is test &lt;code&gt;</textarea></code></pre>
<pre class=\\"\\" style=\\"\\" data-torchlight-processed=\\"3449c9e5e332f1dbb81505cd739fbf3f\\"><code data-lang=\\"html\\">highlighted<textarea data-torchlight-original=\\"true\\" style=\\"display: none !important;\\">this is test &lt;code&gt;</textarea></code></pre>
<pre class=\\"\\" style=\\"\\" data-torchlight-processed=\\"3449c9e5e332f1dbb81505cd739fbf3f\\"><code data-lang=\\"html\\">highlighted<textarea data-torchlight-original=\\"true\\" style=\\"display: none !important;\\">this is test &lt;code&gt;</textarea></code></pre>
<pre class=\\"\\" style=\\"\\" data-torchlight-processed=\\"3449c9e5e332f1dbb81505cd739fbf3f\\"><code data-lang=\\"html\\">highlighted<textarea data-torchlight-original=\\"true\\" style=\\"display: none !important;\\">this is test &lt;code&gt;</textarea></code></pre>
<pre class=\\"\\" style=\\"\\" data-torchlight-processed=\\"3449c9e5e332f1dbb81505cd739fbf3f\\"><code data-lang=\\"html\\">highlighted<textarea data-torchlight-original=\\"true\\" style=\\"display: none !important;\\">this is test &lt;code&gt;</textarea></code></pre>
<pre class=\\"\\" style=\\"\\" data-torchlight-processed=\\"3449c9e5e332f1dbb81505cd739fbf3f\\"><code data-lang=\\"html\\">highlighted<textarea data-torchlight-original=\\"true\\" style=\\"display: none !important;\\">this is test &lt;code&gt;</textarea></code></pre>
<pre class=\\"\\" style=\\"\\" data-torchlight-processed=\\"3449c9e5e332f1dbb81505cd739fbf3f\\"><code data-lang=\\"html\\">highlighted<textarea data-torchlight-original=\\"true\\" style=\\"display: none !important;\\">this is test &lt;code&gt;</textarea></code></pre>
<pre class=\\"\\" style=\\"\\" data-torchlight-processed=\\"3449c9e5e332f1dbb81505cd739fbf3f\\"><code data-lang=\\"html\\">highlighted<textarea data-torchlight-original=\\"true\\" style=\\"display: none !important;\\">this is test &lt;code&gt;</textarea></code></pre>
<pre class=\\"\\" style=\\"\\" data-torchlight-processed=\\"3449c9e5e332f1dbb81505cd739fbf3f\\"><code data-lang=\\"html\\">highlighted<textarea data-torchlight-original=\\"true\\" style=\\"display: none !important;\\">this is test &lt;code&gt;</textarea></code></pre>
<pre class=\\"\\" style=\\"\\" data-torchlight-processed=\\"3449c9e5e332f1dbb81505cd739fbf3f\\"><code data-lang=\\"html\\">highlighted<textarea data-torchlight-original=\\"true\\" style=\\"display: none !important;\\">this is test &lt;code&gt;</textarea></code></pre>
<pre class=\\"\\" style=\\"\\" data-torchlight-processed=\\"3449c9e5e332f1dbb81505cd739fbf3f\\"><code data-lang=\\"html\\">highlighted<textarea data-torchlight-original=\\"true\\" style=\\"display: none !important;\\">this is test &lt;code&gt;</textarea></code></pre>
<pre class=\\"\\" style=\\"\\" data-torchlight-processed=\\"3449c9e5e332f1dbb81505cd739fbf3f\\"><code data-lang=\\"html\\">highlighted<textarea data-torchlight-original=\\"true\\" style=\\"display: none !important;\\">this is test &lt;code&gt;</textarea></code></pre>
<pre class=\\"\\" style=\\"\\" data-torchlight-processed=\\"3449c9e5e332f1dbb81505cd739fbf3f\\"><code data-lang=\\"html\\">highlighted<textarea data-torchlight-original=\\"true\\" style=\\"display: none !important;\\">this is test &lt;code&gt;</textarea></code></pre>
<pre class=\\"\\" style=\\"\\" data-torchlight-processed=\\"3449c9e5e332f1dbb81505cd739fbf3f\\"><code data-lang=\\"html\\">highlighted<textarea data-torchlight-original=\\"true\\" style=\\"display: none !important;\\">this is test &lt;code&gt;</textarea></code></pre>
<pre class=\\"\\" style=\\"\\" data-torchlight-processed=\\"3449c9e5e332f1dbb81505cd739fbf3f\\"><code data-lang=\\"html\\">highlighted<textarea data-torchlight-original=\\"true\\" style=\\"display: none !important;\\">this is test &lt;code&gt;</textarea></code></pre>
<pre class=\\"\\" style=\\"\\" data-torchlight-processed=\\"3449c9e5e332f1dbb81505cd739fbf3f\\"><code data-lang=\\"html\\">highlighted<textarea data-torchlight-original=\\"true\\" style=\\"display: none !important;\\">this is test &lt;code&gt;</textarea></code></pre>
<pre class=\\"\\" style=\\"\\" data-torchlight-processed=\\"3449c9e5e332f1dbb81505cd739fbf3f\\"><code data-lang=\\"html\\">highlighted<textarea data-torchlight-original=\\"true\\" style=\\"display: none !important;\\">this is test &lt;code&gt;</textarea></code></pre>
<pre class=\\"\\" style=\\"\\" data-torchlight-processed=\\"3449c9e5e332f1dbb81505cd739fbf3f\\"><code data-lang=\\"html\\">highlighted<textarea data-torchlight-original=\\"true\\" style=\\"display: none !important;\\">this is test &lt;code&gt;</textarea></code></pre>
<pre class=\\"\\" style=\\"\\" data-torchlight-processed=\\"3449c9e5e332f1dbb81505cd739fbf3f\\"><code data-lang=\\"html\\">highlighted<textarea data-torchlight-original=\\"true\\" style=\\"display: none !important;\\">this is test &lt;code&gt;</textarea></code></pre>
<pre class=\\"\\" style=\\"\\" data-torchlight-processed=\\"3449c9e5e332f1dbb81505cd739fbf3f\\"><code data-lang=\\"html\\">highlighted<textarea data-torchlight-original=\\"true\\" style=\\"display: none !important;\\">this is test &lt;code&gt;</textarea></code></pre>
<pre class=\\"\\" style=\\"\\" data-torchlight-processed=\\"3449c9e5e332f1dbb81505cd739fbf3f\\"><code data-lang=\\"html\\">highlighted<textarea data-torchlight-original=\\"true\\" style=\\"display: none !important;\\">this is test &lt;code&gt;</textarea></code></pre>
<pre class=\\"\\" style=\\"\\" data-torchlight-processed=\\"3449c9e5e332f1dbb81505cd739fbf3f\\"><code data-lang=\\"html\\">highlighted<textarea data-torchlight-original=\\"true\\" style=\\"display: none !important;\\">this is test &lt;code&gt;</textarea></code></pre>
<pre class=\\"\\" style=\\"\\" data-torchlight-processed=\\"3449c9e5e332f1dbb81505cd739fbf3f\\"><code data-lang=\\"html\\">highlighted<textarea data-torchlight-original=\\"true\\" style=\\"display: none !important;\\">this is test &lt;code&gt;</textarea></code></pre>
<pre class=\\"\\" style=\\"\\" data-torchlight-processed=\\"3449c9e5e332f1dbb81505cd739fbf3f\\"><code data-lang=\\"html\\">highlighted<textarea data-torchlight-original=\\"true\\" style=\\"display: none !important;\\">this is test &lt;code&gt;</textarea></code></pre>
<pre class=\\"\\" style=\\"\\" data-torchlight-processed=\\"3449c9e5e332f1dbb81505cd739fbf3f\\"><code data-lang=\\"html\\">highlighted<textarea data-torchlight-original=\\"true\\" style=\\"display: none !important;\\">this is test &lt;code&gt;</textarea></code></pre>
<pre class=\\"\\" style=\\"\\" data-torchlight-processed=\\"3449c9e5e332f1dbb81505cd739fbf3f\\"><code data-lang=\\"html\\">highlighted<textarea data-torchlight-original=\\"true\\" style=\\"display: none !important;\\">this is test &lt;code&gt;</textarea></code></pre>
<pre class=\\"\\" style=\\"\\" data-torchlight-processed=\\"3449c9e5e332f1dbb81505cd739fbf3f\\"><code data-lang=\\"html\\">highlighted<textarea data-torchlight-original=\\"true\\" style=\\"display: none !important;\\">this is test &lt;code&gt;</textarea></code></pre>
<pre class=\\"\\" style=\\"\\" data-torchlight-processed=\\"3449c9e5e332f1dbb81505cd739fbf3f\\"><code data-lang=\\"html\\">highlighted<textarea data-torchlight-original=\\"true\\" style=\\"display: none !important;\\">this is test &lt;code&gt;</textarea></code></pre>
<pre class=\\"\\" style=\\"\\" data-torchlight-processed=\\"3449c9e5e332f1dbb81505cd739fbf3f\\"><code data-lang=\\"html\\">highlighted<textarea data-torchlight-original=\\"true\\" style=\\"display: none !important;\\">this is test &lt;code&gt;</textarea></code></pre>
<pre class=\\"\\" style=\\"\\" data-torchlight-processed=\\"3449c9e5e332f1dbb81505cd739fbf3f\\"><code data-lang=\\"html\\">highlighted<textarea data-torchlight-original=\\"true\\" style=\\"display: none !important;\\">this is test &lt;code&gt;</textarea></code></pre>
<pre class=\\"\\" style=\\"\\" data-torchlight-processed=\\"3449c9e5e332f1dbb81505cd739fbf3f\\"><code data-lang=\\"html\\">highlighted<textarea data-torchlight-original=\\"true\\" style=\\"display: none !important;\\">this is test &lt;code&gt;</textarea></code></pre>
<pre class=\\"\\" style=\\"\\" data-torchlight-processed=\\"3449c9e5e332f1dbb81505cd739fbf3f\\"><code data-lang=\\"html\\">highlighted<textarea data-torchlight-original=\\"true\\" style=\\"display: none !important;\\">this is test &lt;code&gt;</textarea></code></pre>
<pre class=\\"\\" style=\\"\\" data-torchlight-processed=\\"3449c9e5e332f1dbb81505cd739fbf3f\\"><code data-lang=\\"html\\">highlighted<textarea data-torchlight-original=\\"true\\" style=\\"display: none !important;\\">this is test &lt;code&gt;</textarea></code></pre>
<pre class=\\"\\" style=\\"\\" data-torchlight-processed=\\"3449c9e5e332f1dbb81505cd739fbf3f\\"><code data-lang=\\"html\\">highlighted<textarea data-torchlight-original=\\"true\\" style=\\"display: none !important;\\">this is test &lt;code&gt;</textarea></code></pre>
<pre class=\\"\\" style=\\"\\" data-torchlight-processed=\\"3449c9e5e332f1dbb81505cd739fbf3f\\"><code data-lang=\\"html\\">highlighted<textarea data-torchlight-original=\\"true\\" style=\\"display: none !important;\\">this is test &lt;code&gt;</textarea></code></pre>
<pre class=\\"\\" style=\\"\\" data-torchlight-processed=\\"3449c9e5e332f1dbb81505cd739fbf3f\\"><code data-lang=\\"html\\">highlighted<textarea data-torchlight-original=\\"true\\" style=\\"display: none !important;\\">this is test &lt;code&gt;</textarea></code></pre>
<pre class=\\"\\" style=\\"\\" data-torchlight-processed=\\"3449c9e5e332f1dbb81505cd739fbf3f\\"><code data-lang=\\"html\\">highlighted<textarea data-torchlight-original=\\"true\\" style=\\"display: none !important;\\">this is test &lt;code&gt;</textarea></code></pre>
<pre class=\\"\\" style=\\"\\" data-torchlight-processed=\\"3449c9e5e332f1dbb81505cd739fbf3f\\"><code data-lang=\\"html\\">highlighted<textarea data-torchlight-original=\\"true\\" style=\\"display: none !important;\\">this is test &lt;code&gt;</textarea></code></pre>
<pre class=\\"\\" style=\\"\\" data-torchlight-processed=\\"3449c9e5e332f1dbb81505cd739fbf3f\\"><code data-lang=\\"html\\">highlighted<textarea data-torchlight-original=\\"true\\" style=\\"display: none !important;\\">this is test &lt;code&gt;</textarea></code></pre>
<pre class=\\"\\" style=\\"\\" data-torchlight-processed=\\"3449c9e5e332f1dbb81505cd739fbf3f\\"><code data-lang=\\"html\\">highlighted<textarea data-torchlight-original=\\"true\\" style=\\"display: none !important;\\">this is test &lt;code&gt;</textarea></code></pre>"
`;

exports[`cached.html ------------------- pulls from cache: cached.html cached.html ------------------- pulls from cache 1`] = `
"<pre class=\\"classes\\" style=\\"styles\\" data-torchlight-processed=\\"3449c9e5e332f1dbb81505cd739fbf3f\\"><code data-lang=\\"html\\">highlighted<textarea data-torchlight-original=\\"true\\" style=\\"display: none !important;\\">guid 15623f16-0059-42e0-9af0-20d803313471</textarea></code></pre>
"
`;

exports[`decipher-language.html -------- it deciphers languages based on attributes: decipher-language.html decipher-language.html -------- it deciphers languages based on attributes 1`] = `
"<pre data-lang=\\"other\\" class=\\"torchlight\\" style=\\"\\" data-torchlight-processed=\\"3449c9e5e332f1dbb81505cd739fbf3f\\"><code data-lang=\\"php\\"><div class=\\"line\\">php</div><textarea data-torchlight-original=\\"true\\" style=\\"display: none !important;\\">php</textarea></code></pre>
<pre data-lang=\\"other\\" class=\\"torchlight\\" style=\\"\\" data-torchlight-processed=\\"3449c9e5e332f1dbb81505cd739fbf3f\\"><code data-language=\\"php\\"><div class=\\"line\\">php</div><textarea data-torchlight-original=\\"true\\" style=\\"display: none !important;\\">php</textarea></code></pre>
<pre data-lang=\\"other\\" class=\\"torchlight\\" style=\\"\\" data-torchlight-processed=\\"3449c9e5e332f1dbb81505cd739fbf3f\\"><code class=\\"some-class language-php\\"><div class=\\"line\\">php</div><textarea data-torchlight-original=\\"true\\" style=\\"display: none !important;\\">php</textarea></code></pre>
<pre data-lang=\\"other\\" class=\\"torchlight\\" style=\\"\\" data-torchlight-processed=\\"3449c9e5e332f1dbb81505cd739fbf3f\\"><code class=\\"some-class lang-php\\"><div class=\\"line\\">php</div><textarea data-torchlight-original=\\"true\\" style=\\"display: none !important;\\">php</textarea></code></pre>

<pre data-lang=\\"php\\" class=\\"torchlight\\" style=\\"\\" data-torchlight-processed=\\"3449c9e5e332f1dbb81505cd739fbf3f\\"><code><div class=\\"line\\">php</div><textarea data-torchlight-original=\\"true\\" style=\\"display: none !important;\\">php</textarea></code></pre>
<pre data-language=\\"php\\" class=\\"torchlight\\" style=\\"\\" data-torchlight-processed=\\"3449c9e5e332f1dbb81505cd739fbf3f\\"><code><div class=\\"line\\">php</div><textarea data-torchlight-original=\\"true\\" style=\\"display: none !important;\\">php</textarea></code></pre>
<pre class=\\"some-class language-php torchlight\\" style=\\"\\" data-torchlight-processed=\\"3449c9e5e332f1dbb81505cd739fbf3f\\"><code><div class=\\"line\\">php</div><textarea data-torchlight-original=\\"true\\" style=\\"display: none !important;\\">php</textarea></code></pre>
<pre class=\\"some-class lang-php torchlight\\" style=\\"\\" data-torchlight-processed=\\"3449c9e5e332f1dbb81505cd739fbf3f\\"><code><div class=\\"line\\">php</div><textarea data-torchlight-original=\\"true\\" style=\\"display: none !important;\\">php</textarea></code></pre>

<pre data-lang=\\"other\\" class=\\"torchlight torchlight torchlight\\" style=\\"  \\" data-torchlight-processed=\\"3449c9e5e332f1dbb81505cd739fbf3f\\"><code data-lang=\\"php\\"><div class=\\"line\\">php</div><textarea data-torchlight-original=\\"true\\" style=\\"display: none !important;\\">php</textarea></code><code data-lang=\\"html\\"><div class=\\"line\\">html</div><textarea data-torchlight-original=\\"true\\" style=\\"display: none !important;\\">html</textarea></code><code data-lang=\\"js\\"><div class=\\"line\\">js</div><textarea data-torchlight-original=\\"true\\" style=\\"display: none !important;\\">js</textarea></code></pre>

<pre class=\\"torchlight\\" style=\\"\\" data-torchlight-processed=\\"3449c9e5e332f1dbb81505cd739fbf3f\\"><code><div class=\\"line\\">text</div><textarea data-torchlight-original=\\"true\\" style=\\"display: none !important;\\">text</textarea></code></pre>

<!-- Custom determination by the developer -->
<pre data-custom=\\"foobar\\" class=\\"torchlight\\" style=\\"\\" data-torchlight-processed=\\"3449c9e5e332f1dbb81505cd739fbf3f\\"><code><div class=\\"line\\">foobar</div><textarea data-torchlight-original=\\"true\\" style=\\"display: none !important;\\">foobar</textarea></code></pre>"
`;

exports[`multiple-blocks.html ---------- three blocks in one pre tag: multiple-blocks.html multiple-blocks.html ---------- three blocks in one pre tag 1`] = `
"<pre class=\\"torchlight torchlight torchlight\\" style=\\"  \\" data-torchlight-processed=\\"3449c9e5e332f1dbb81505cd739fbf3f\\"><code data-lang=\\"php\\"><div class=\\"line\\">php</div><textarea data-torchlight-original=\\"true\\" style=\\"display: none !important;\\">php</textarea></code><code data-lang=\\"html\\"><div class=\\"line\\">html</div><textarea data-torchlight-original=\\"true\\" style=\\"display: none !important;\\">html</textarea></code><code data-lang=\\"js\\"><div class=\\"line\\">js</div><textarea data-torchlight-original=\\"true\\" style=\\"display: none !important;\\">js</textarea></code></pre>
"
`;

exports[`single-block.html ------------- snapshot: single-block.html single-block.html ------------- snapshot 1`] = `
"<pre class=\\"classes\\" style=\\"style: 1;\\" data-torchlight-processed=\\"3449c9e5e332f1dbb81505cd739fbf3f\\"><code data-lang=\\"html\\">highlighted<textarea data-torchlight-original=\\"true\\" style=\\"display: none !important;\\">this is test &lt;code&gt;</textarea></code></pre>
"
`;
